================================================================================
python : Traceback (most recent call last):
At line:1 char:1
+ python test_project_loss_detection.py 2>&1 | Out-File -Encoding UTF8  ...
+ ~~~~~~~~~~~~~~~~~~~~~~~~~~~~~~~~~~~~~~~~~~
    + CategoryInfo          : NotSpecified: (Traceback (most recent call last) 
   ::String) [], RemoteException
    + FullyQualifiedErrorId : NativeCommandError
 
  File "E:\Optimization_Planner-main_v2\Optimization_Planner-main\test_project_
loss_detection.py", line 115, in <module>
    success = test_project_loss_detection()
              ^^^^^^^^^^^^^^^^^^^^^^^^^^^^^
  File "E:\Optimization_Planner-main_v2\Optimization_Planner-main\test_project_
loss_detection.py", line 14, in test_project_loss_detection
    print("\U0001f50d TESTING PROJECT LOSS DETECTION")
  File "C:\Program Files\Python312\Lib\encodings\cp1254.py", line 19, in encode
    return codecs.charmap_encode(input,self.errors,encoding_table)[0]
           ^^^^^^^^^^^^^^^^^^^^^^^^^^^^^^^^^^^^^^^^^^^^^^^^^^^^^^^
UnicodeEncodeError: 'charmap' codec can't encode character '\U0001f50d' in posi
tion 0: character maps to <undefined>
